##################################################################
#                         FrontISTR                              #
##################################################################
---
version:      5.9
git_hash:     7f48eae0b13111aee8d4f1fefef692e9281f0ce6
build:
  date:       2026-07-07T23:25:33+0900
  MPI:        disabled
  OpenMP:     201511
  OpenACC:    disabled
  option:    "--with-lapack "
execute:  
  date:       2026-08-10T23:44:12+0900
  processes:  1
  threads:    48
  cores:      48
  host:
    0: DESKTOP-KL00V01
---
 Step control not defined! Using default step=1
 fstr_setup: OK
 Start visualize PSF 1 at timestep 0
 Start visualize PSF 1 at timestep 1
 
 loading step=    1
 sub_step= 1,   current_time=  0.0000E+00, time_inc=  0.1000E+01
 loading_factor=    0.0000000   1.0000000
 Ordering method: QMD
 [DIRECT]: symbolic fct done
 [DIRECT]: numeric fct done
 setup time :    8.4105529822409153E-003
 solve time :    6.4018066041171551E-005
### Relative residual = 1.02865E-12
### FSTR_SOLVE_NLGEOM FINISHED!

 ====================================
    TOTAL TIME (sec) :      0.29
           pre (sec) :      0.05
         solve (sec) :      0.25
 ====================================
 FrontISTR Completed !!
