
************************************************************

CalculiX Version 2.21, Copyright(C) 1998-2023 Guido Dhondt
CalculiX comes with ABSOLUTELY NO WARRANTY. This is free
software, and you are welcome to redistribute it under
certain conditions, see gpl.htm

************************************************************

You are using an executable made on Thu Aug 20 22:36:49 JST 2026

  The numbers below are estimated upper bounds

  number of:

   nodes:          570
   elements:         1699
   one-dimensional elements:            0
   two-dimensional elements:            0
   integration points per element:            1
   degrees of freedom per node:            3
   layers per element:            1

   distributed facial loads:            0
   distributed volumetric loads:            0
   concentrated loads:            0
   single point constraints:           63
   multiple point constraints:            1
   terms in all multiple point constraints:            1
   tie constraints:            0
   dependent nodes tied by cyclic constraints:            0
   dependent nodes in pre-tension constraints:            0

   sets:            6
   terms in all sets:         3445

   materials:            1
   constants per material and temperature:            2
   temperature points per material:            1
   plastic data points per material:            0

   orientations:            0
   amplitudes:            2
   data points in all amplitudes:            2
   print requests:            0
   transformations:            0
   property cards:            0


 STEP            1

 Static analysis was selected

 Decascading the MPC's

 Determining the structure of the matrix:
 Using up to 1 cpu(s) for setting up the structure of the matrix.
 number of equations
 1647
 number of nonzero lower triangular matrix elements
 25146

 Using up to 1 cpu(s) for the stress calculation.

 Using up to 1 cpu(s) for the symmetric stiffness/mass contributions.

 CCX_DUMPKH ERROR: cannot read "sensitivity_points.dat".
   Put a file "sensitivity_points.dat" next to the input, with ONE line:
     <Point_A global node id> <Point_O global node id>
   (# or ! start a comment). Example:
       #Point_A, Point_O
       19 103
