##################################################################
#                         FrontISTR                              #
##################################################################
---
version:      5.9
git_hash:     7f48eae0b13111aee8d4f1fefef692e9281f0ce6
build:
  date:       2026-07-07T23:25:33+0900
  MPI:        disabled
  OpenMP:     201511
  OpenACC:    disabled
  option:    "--with-lapack "
execute:  
  date:       2026-08-10T23:37:41+0900
  processes:  1
  threads:    48
  cores:      48
  host:
    0: DESKTOP-KL00V01
---
 Step control not defined! Using default step=1
 fstr_setup: OK
 Start visualize PSF 1 at timestep 0
STOP Exiting program after dumping matrix
 
 loading step=    1
 sub_step= 1,   current_time=  0.0000E+00, time_inc=  0.1000E+01
 loading_factor=    0.0000000   1.0000000
